// Jest Snapshot v1, https://goo.gl/fbAQLP

exports[`<Title children="text" /> should render the container with children 1`] = `
<h2
  class="dark:text-white uppercase tracking-wide no-underline hover:no-underline font-bold text-gray-800 text-xl false"
>
  Text
</h2>
`;
